11:33:31.097 [main] I/AppLogger: ==================================================
11:33:31.103 [main] I/AppLogger: APP STARTED
11:33:31.105 [main] I/AppLogger: Device: vivo V2405A
11:33:31.107 [main] I/AppLogger: ABIs: arm64-v8a
11:33:31.109 [main] I/AppLogger: API: 36
11:33:31.110 [main] I/AppLogger: Cache: /data/user/0/com.motionsound/cache
11:33:31.111 [main] I/AppLogger: Public: /storage/emulated/0/Download/motionsound_debug.log
11:33:31.111 [main] I/AppLogger: ==================================================
11:33:31.112 [main] I/MotionSoundApp: [APP_ONCREATE]
11:33:31.115 [main] I/MotionSoundApp: StemPlayerService started
11:33:31.126 [main] I/MainActivity: [ACTIVITY_CREATE]
11:33:31.136 [main] I/MainActivity: Permissions audio=true notif=true location=true
11:33:31.141 [main] I/MainActivity: [ACTIVITY_RESUME]
11:33:31.161 [main] I/PlayerVM: [VM_INIT]
11:33:31.165 [main] I/DriveVM: [VM_INIT]
11:33:31.167 [main] I/DriveVM: [START_SERVICE]
11:33:31.208 [main] I/StemSvc: [SVC_CREATE]
11:33:31.213 [main] I/StemSvc: [CHANNELS_OK]
11:33:31.216 [main] I/StemSvc: [WAKELOCK_CREATED]
11:33:31.225 [main] I/StemMixer: Prepared bufSize=32768
11:33:31.227 [main] I/StemSvc: [MIXER_PREPARE_OK]
11:33:31.231 [main] I/StemSvc: [FOREGROUND_OK]
11:33:31.233 [DefaultDispatcher-worker-5] I/StemSvc: [INIT_START]
11:33:31.235 [DefaultDispatcher-worker-5] I/Engine: [INIT_START]
11:33:31.237 [DefaultDispatcher-worker-5] I/Engine: [GET_ORT_ENV]
11:33:31.253 [main] I/StemSvc: [SENSORS_STARTED]
11:33:31.255 [main] I/StemSvc: [START_COMMAND] action=null
11:33:31.257 [main] I/StemSvc: [START_COMMAND] action=null
11:33:31.258 [DefaultDispatcher-worker-5] I/Engine: [ORT_ENV_OK]
11:33:31.259 [main] I/StemSvc: [SVC_BIND]
11:33:31.260 [main] I/StemSvc: [START_COMMAND] action=null
11:33:31.260 [DefaultDispatcher-worker-5] I/Engine: [CREATE_SESSION_OPTIONS]
11:33:31.263 [main] I/PlayerVM: [SVC_CONNECTED]
11:33:31.264 [DefaultDispatcher-worker-5] I/Engine: Using cached model 165612636 bytes
11:33:31.266 [main] I/DriveVM: [SVC_CONNECTED]
11:33:31.266 [DefaultDispatcher-worker-5] I/Engine: NNAPI previously failed, using CPU directly
11:33:35.204 [DefaultDispatcher-worker-3] I/StemCache: cacheSize=254MB
11:33:36.366 [DefaultDispatcher-worker-3] I/StemCache: cacheSize=254MB
11:33:37.003 [DefaultDispatcher-worker-3] I/StemCache: [CLEAR_ALL]
11:33:37.024 [DefaultDispatcher-worker-2] I/StemCache: cacheSize=63MB
11:33:39.464 [DefaultDispatcher-worker-5] I/Engine: CPU session pool (2 x 4 threads) ready
11:33:39.472 [DefaultDispatcher-worker-5] I/Engine: Session: OrtSession(numInputs=1,numOutputs=1)
11:33:39.478 [DefaultDispatcher-worker-5] I/Engine: Inputs: {mix=NodeInfo(name=mix,info=TensorInfo(javaType=FLOAT,onnxType=ONNX_TENSOR_ELEMENT_DATA_TYPE_FLOAT,shape=[1, 2, 343980]))}
11:33:39.484 [DefaultDispatcher-worker-5] I/Engine: Outputs: {stems=NodeInfo(name=stems,info=TensorInfo(javaType=FLOAT,onnxType=ONNX_TENSOR_ELEMENT_DATA_TYPE_FLOAT,shape=[1, 4, 2, 343980]))}
11:33:39.490 [DefaultDispatcher-worker-5] I/Engine: [INIT_DONE]
11:33:39.493 [DefaultDispatcher-worker-5] I/StemSvc: [INIT_DONE] model loaded
11:33:43.005 [DefaultDispatcher-worker-3] I/StemCache: cacheSize=0MB
11:33:44.557 [main] I/MainActivity: [ACTIVITY_PAUSE]
11:33:46.937 [main] I/AppLogger: ==================================================
11:33:46.939 [main] I/AppLogger: APP STARTED
11:33:46.942 [main] I/AppLogger: Device: vivo V2405A
11:33:46.947 [main] I/AppLogger: ABIs: arm64-v8a
11:33:46.951 [main] I/AppLogger: API: 36
11:33:46.959 [main] I/AppLogger: Cache: /data/user/0/com.motionsound/cache
11:33:46.963 [main] I/AppLogger: Public: /storage/emulated/0/Download/motionsound_debug.log
11:33:46.966 [main] I/AppLogger: ==================================================
11:33:46.967 [main] I/MotionSoundApp: [APP_ONCREATE]
11:33:46.970 [main] I/MotionSoundApp: StemPlayerService started
11:33:46.979 [main] I/MainActivity: [ACTIVITY_CREATE]
11:33:46.989 [main] I/MainActivity: Permissions audio=true notif=true location=true
11:33:46.994 [main] I/MainActivity: [ACTIVITY_RESUME]
11:33:47.016 [main] I/PlayerVM: [VM_INIT]
11:33:47.020 [main] I/DriveVM: [VM_INIT]
11:33:47.023 [main] I/DriveVM: [START_SERVICE]
11:33:47.068 [main] I/StemSvc: [SVC_CREATE]
11:33:47.075 [main] I/StemSvc: [CHANNELS_OK]
11:33:47.078 [main] I/StemSvc: [WAKELOCK_CREATED]
11:33:47.091 [main] I/StemMixer: Prepared bufSize=32768
11:33:47.094 [main] I/StemSvc: [MIXER_PREPARE_OK]
11:33:47.100 [main] I/StemSvc: [FOREGROUND_OK]
11:33:47.103 [DefaultDispatcher-worker-5] I/StemSvc: [INIT_START]
11:33:47.107 [DefaultDispatcher-worker-5] I/Engine: [INIT_START]
11:33:47.111 [DefaultDispatcher-worker-5] I/Engine: [GET_ORT_ENV]
11:33:47.127 [main] I/StemSvc: [SENSORS_STARTED]
11:33:47.130 [main] I/StemSvc: [START_COMMAND] action=null
11:33:47.133 [main] I/StemSvc: [START_COMMAND] action=null
11:33:47.133 [DefaultDispatcher-worker-5] I/Engine: [ORT_ENV_OK]
11:33:47.135 [main] I/StemSvc: [SVC_BIND]
11:33:47.136 [DefaultDispatcher-worker-5] I/Engine: [CREATE_SESSION_OPTIONS]
11:33:47.137 [main] I/StemSvc: [START_COMMAND] action=null
11:33:47.141 [main] I/PlayerVM: [SVC_CONNECTED]
11:33:47.140 [DefaultDispatcher-worker-5] I/Engine: Using cached model 165612636 bytes
11:33:47.145 [main] I/DriveVM: [SVC_CONNECTED]
11:33:47.145 [DefaultDispatcher-worker-5] I/Engine: NNAPI previously failed, using CPU directly
11:33:52.406 [DefaultDispatcher-worker-3] I/StemSvc: [WAKELOCK_ACQUIRE]
11:33:52.419 [DefaultDispatcher-worker-3] I/StemSvc: [WAKELOCK_RELEASE]
11:33:55.352 [DefaultDispatcher-worker-5] I/Engine: CPU session pool (2 x 4 threads) ready
11:33:55.361 [DefaultDispatcher-worker-5] I/Engine: Session: OrtSession(numInputs=1,numOutputs=1)
11:33:55.366 [DefaultDispatcher-worker-5] I/Engine: Inputs: {mix=NodeInfo(name=mix,info=TensorInfo(javaType=FLOAT,onnxType=ONNX_TENSOR_ELEMENT_DATA_TYPE_FLOAT,shape=[1, 2, 343980]))}
11:33:55.369 [DefaultDispatcher-worker-5] I/Engine: Outputs: {stems=NodeInfo(name=stems,info=TensorInfo(javaType=FLOAT,onnxType=ONNX_TENSOR_ELEMENT_DATA_TYPE_FLOAT,shape=[1, 4, 2, 343980]))}
11:33:55.372 [DefaultDispatcher-worker-5] I/Engine: [INIT_DONE]
11:33:55.376 [DefaultDispatcher-worker-5] I/StemSvc: [INIT_DONE] model loaded
11:33:58.053 [DefaultDispatcher-worker-5] I/StemSvc: [WAKELOCK_ACQUIRE]
11:33:58.060 [DefaultDispatcher-worker-5] I/StemCache: hasCached key=d112a04c346832b9 -> false
11:33:58.064 [DefaultDispatcher-worker-5] I/StemCache: hasCached key=d57e1861eeb6bf00 -> false
11:33:58.070 [DefaultDispatcher-worker-5] I/StemCache: hasCached key=bdba20e21b1a9b57 -> false
11:33:58.074 [DefaultDispatcher-worker-5] I/StemCache: hasCached key=d112a04c346832b9 -> false
11:33:58.108 [DefaultDispatcher-worker-5] I/AudioDecoder: mime=audio/raw sr=44100Hz ch=2 duration=186146ms
11:34:02.167 [DefaultDispatcher-worker-5] I/AudioDecoder: No resampling needed (44100Hz)
11:34:02.170 [DefaultDispatcher-worker-5] I/AudioDecoder: Decoded 8209068 frames, 62 MB
11:34:02.173 [DefaultDispatcher-worker-5] I/Engine: [SEPARATE] frames=8209068 chunks=32
11:35:48.206 [DefaultDispatcher-worker-3] I/Engine: [SEPARATE_DONE] output=8209068 frames
11:35:48.252 [DefaultDispatcher-worker-3] I/StemCache: [SAVE] key=d112a04c346832b9
11:35:48.708 [DefaultDispatcher-worker-3] I/StemCache: Saved 4 stems total=250MB
11:35:48.711 [DefaultDispatcher-worker-3] I/StemCache: hasCached key=d57e1861eeb6bf00 -> false
11:35:48.796 [DefaultDispatcher-worker-3] I/AudioDecoder: mime=audio/raw sr=44100Hz ch=2 duration=189390ms
11:35:51.785 [DefaultDispatcher-worker-3] I/AudioDecoder: No resampling needed (44100Hz)
11:35:51.789 [DefaultDispatcher-worker-3] I/AudioDecoder: Decoded 8352110 frames, 63 MB
11:35:51.793 [DefaultDispatcher-worker-3] I/Engine: [SEPARATE] frames=8352110 chunks=33
11:36:00.724 [DefaultDispatcher-worker-2] I/StemCache: cacheSize=250MB
11:36:49.411 [main] I/MainActivity: [ACTIVITY_PAUSE]
11:40:06.465 [main] I/MainActivity: [ACTIVITY_RESUME]
11:40:14.613 [main] I/MainActivity: [ACTIVITY_PAUSE]
11:42:43.191 [main] I/MainActivity: [ACTIVITY_RESUME]
11:42:49.250 [DefaultDispatcher-worker-6] I/StemCache: cacheSize=250MB
11:42:56.504 [main] I/MainActivity: [ACTIVITY_PAUSE]
12:41:07.618 [main] I/AppLogger: ==================================================
12:41:07.624 [main] I/AppLogger: APP STARTED
12:41:07.626 [main] I/AppLogger: Device: vivo V2405A
12:41:07.628 [main] I/AppLogger: ABIs: arm64-v8a
12:41:07.629 [main] I/AppLogger: API: 36
12:41:07.631 [main] I/AppLogger: Cache: /data/user/0/com.motionsound/cache
12:41:07.634 [main] I/AppLogger: Public: /storage/emulated/0/Download/motionsound_debug.log
12:41:07.636 [main] I/AppLogger: ==================================================
12:41:07.638 [main] I/MotionSoundApp: [APP_ONCREATE]
12:41:07.642 [main] I/MotionSoundApp: StemPlayerService started
12:41:07.651 [main] I/MainActivity: [ACTIVITY_CREATE]
12:41:07.662 [main] I/MainActivity: Permissions audio=true notif=true location=true
12:41:07.667 [main] I/MainActivity: [ACTIVITY_RESUME]
12:41:07.691 [main] I/PlayerVM: [VM_INIT]
12:41:07.695 [main] I/DriveVM: [VM_INIT]
12:41:07.697 [main] I/DriveVM: [START_SERVICE]
12:41:07.746 [main] I/StemSvc: [SVC_CREATE]
12:41:07.750 [main] I/StemSvc: [CHANNELS_OK]
12:41:07.753 [main] I/StemSvc: [WAKELOCK_CREATED]
12:41:07.763 [main] I/StemMixer: Prepared bufSize=32768
12:41:07.765 [main] I/StemSvc: [MIXER_PREPARE_OK]
12:41:07.769 [main] I/StemSvc: [FOREGROUND_OK]
12:41:07.772 [DefaultDispatcher-worker-3] I/StemSvc: [INIT_START]
12:41:07.775 [DefaultDispatcher-worker-3] I/Engine: [INIT_START]
12:41:07.777 [DefaultDispatcher-worker-3] I/Engine: [GET_ORT_ENV]
12:41:07.792 [main] I/StemSvc: [SENSORS_STARTED]
12:41:07.795 [main] I/StemSvc: [START_COMMAND] action=null
12:41:07.796 [main] I/StemSvc: [START_COMMAND] action=null
12:41:07.798 [main] I/StemSvc: [SVC_BIND]
12:41:07.800 [main] I/StemSvc: [START_COMMAND] action=null
12:41:07.803 [main] I/PlayerVM: [SVC_CONNECTED]
12:41:07.805 [main] I/DriveVM: [SVC_CONNECTED]
12:41:07.820 [DefaultDispatcher-worker-3] I/Engine: [ORT_ENV_OK]
12:41:07.822 [DefaultDispatcher-worker-3] I/Engine: [CREATE_SESSION_OPTIONS]
12:41:07.825 [DefaultDispatcher-worker-3] I/Engine: Using cached model 165612636 bytes
12:41:07.827 [DefaultDispatcher-worker-3] I/Engine: NNAPI previously failed, using CPU directly
12:41:08.866 [DefaultDispatcher-worker-7] I/StemCache: cacheSize=250MB
12:41:13.806 [DefaultDispatcher-worker-4] I/StemSvc: [WAKELOCK_ACQUIRE]
12:41:13.819 [DefaultDispatcher-worker-4] I/StemSvc: [WAKELOCK_RELEASE]
12:41:14.869 [DefaultDispatcher-worker-4] I/StemSvc: [WAKELOCK_ACQUIRE]
12:41:14.882 [DefaultDispatcher-worker-4] I/StemSvc: [WAKELOCK_RELEASE]
12:41:15.999 [DefaultDispatcher-worker-3] I/Engine: CPU session pool (2 x 4 threads) ready
12:41:16.004 [DefaultDispatcher-worker-3] I/Engine: Session: OrtSession(numInputs=1,numOutputs=1)
12:41:16.007 [DefaultDispatcher-worker-3] I/Engine: Inputs: {mix=NodeInfo(name=mix,info=TensorInfo(javaType=FLOAT,onnxType=ONNX_TENSOR_ELEMENT_DATA_TYPE_FLOAT,shape=[1, 2, 343980]))}
12:41:16.011 [DefaultDispatcher-worker-3] I/Engine: Outputs: {stems=NodeInfo(name=stems,info=TensorInfo(javaType=FLOAT,onnxType=ONNX_TENSOR_ELEMENT_DATA_TYPE_FLOAT,shape=[1, 4, 2, 343980]))}
12:41:16.012 [DefaultDispatcher-worker-3] I/Engine: [INIT_DONE]
12:41:16.015 [DefaultDispatcher-worker-3] I/StemSvc: [INIT_DONE] model loaded
12:41:18.590 [DefaultDispatcher-worker-3] I/StemSvc: [WAKELOCK_ACQUIRE]
12:41:18.597 [DefaultDispatcher-worker-3] I/StemCache: hasCached key=d112a04c346832b9 -> true
12:41:18.600 [DefaultDispatcher-worker-3] I/StemCache: hasCached key=d57e1861eeb6bf00 -> false
12:41:18.605 [DefaultDispatcher-worker-3] I/StemCache: hasCached key=bdba20e21b1a9b57 -> false
12:41:18.609 [DefaultDispatcher-worker-3] I/StemCache: hasCached key=d57e1861eeb6bf00 -> false
12:41:18.637 [DefaultDispatcher-worker-3] I/AudioDecoder: mime=audio/raw sr=44100Hz ch=2 duration=189390ms
12:41:21.795 [DefaultDispatcher-worker-3] I/AudioDecoder: No resampling needed (44100Hz)
12:41:21.802 [DefaultDispatcher-worker-3] I/AudioDecoder: Decoded 8352110 frames, 63 MB
12:41:21.810 [DefaultDispatcher-worker-4] I/Engine: [SEPARATE] frames=8352110 chunks=33
12:41:25.725 [DefaultDispatcher-worker-8] I/StemCache: cacheSize=250MB
12:41:50.737 [DefaultDispatcher-worker-8] I/StemCache: cacheSize=250MB
12:42:08.966 [DefaultDispatcher-worker-10] I/StemCache: cacheSize=250MB
12:42:12.767 [DefaultDispatcher-worker-7] I/StemCache: cacheSize=250MB
12:42:14.059 [DefaultDispatcher-worker-2] I/StemCache: cacheSize=250MB
12:42:17.505 [main] I/MainActivity: [ACTIVITY_PAUSE]
12:42:18.346 [main] I/MainActivity: [ACTIVITY_RESUME]
12:42:19.023 [DefaultDispatcher-worker-12] I/StemCache: cacheSize=250MB
12:42:30.372 [main] I/MainActivity: [ACTIVITY_PAUSE]
13:00:40.846 [main] I/AppLogger: ==================================================
13:00:40.856 [main] I/AppLogger: APP STARTED
13:00:40.857 [main] I/AppLogger: Device: vivo V2405A
13:00:40.859 [main] I/AppLogger: ABIs: arm64-v8a
13:00:40.862 [main] I/AppLogger: API: 36
13:00:40.864 [main] I/AppLogger: Cache: /data/user/0/com.motionsound/cache
13:00:40.870 [main] I/AppLogger: Public: /storage/emulated/0/Download/motionsound_debug.log
13:00:40.874 [main] I/AppLogger: ==================================================
13:00:40.879 [main] I/MotionSoundApp: [APP_ONCREATE]
13:00:40.884 [main] I/MotionSoundApp: StemPlayerService started
13:00:40.896 [main] I/MainActivity: [ACTIVITY_CREATE]
13:00:40.907 [main] I/MainActivity: Permissions audio=true notif=true location=true
13:00:40.914 [main] I/MainActivity: [ACTIVITY_RESUME]
13:00:40.937 [main] I/PlayerVM: [VM_INIT]
13:00:40.944 [main] I/DriveVM: [VM_INIT]
13:00:40.947 [main] I/DriveVM: [START_SERVICE]
13:00:40.989 [main] I/StemSvc: [SVC_CREATE]
13:00:40.994 [main] I/StemSvc: [CHANNELS_OK]
13:00:40.996 [main] I/StemSvc: [WAKELOCK_CREATED]
13:00:41.006 [main] I/StemMixer: Prepared bufSize=32768
13:00:41.009 [main] I/StemSvc: [MIXER_PREPARE_OK]
13:00:41.016 [main] I/StemSvc: [FOREGROUND_OK]
13:00:41.019 [DefaultDispatcher-worker-9] I/StemSvc: [INIT_START]
13:00:41.022 [DefaultDispatcher-worker-9] I/Engine: [INIT_START]
13:00:41.024 [DefaultDispatcher-worker-9] I/Engine: [GET_ORT_ENV]
13:00:41.036 [main] I/StemSvc: [SENSORS_STARTED]
13:00:41.038 [main] I/StemSvc: [START_COMMAND] action=null
13:00:41.039 [main] I/StemSvc: [START_COMMAND] action=null
13:00:41.041 [main] I/StemSvc: [SVC_BIND]
13:00:41.044 [main] I/StemSvc: [START_COMMAND] action=null
13:00:41.046 [main] I/DriveVM: [SVC_CONNECTED]
13:00:41.049 [main] I/PlayerVM: [SVC_CONNECTED]
13:00:41.059 [DefaultDispatcher-worker-9] I/Engine: [ORT_ENV_OK]
13:00:41.064 [DefaultDispatcher-worker-9] I/Engine: [CREATE_SESSION_OPTIONS]
13:00:41.066 [DefaultDispatcher-worker-9] I/Engine: Using cached model 165612636 bytes
13:00:41.068 [DefaultDispatcher-worker-9] I/Engine: NNAPI previously failed, using CPU directly
13:00:41.845 [DefaultDispatcher-worker-1] I/StemCache: cacheSize=250MB
13:00:47.573 [DefaultDispatcher-worker-9] I/Engine: CPU session pool (2 x 4 threads) ready
13:00:47.588 [DefaultDispatcher-worker-9] I/Engine: Session: OrtSession(numInputs=1,numOutputs=1)
13:00:47.602 [DefaultDispatcher-worker-9] I/Engine: Inputs: {mix=NodeInfo(name=mix,info=TensorInfo(javaType=FLOAT,onnxType=ONNX_TENSOR_ELEMENT_DATA_TYPE_FLOAT,shape=[1, 2, 343980]))}
13:00:47.612 [DefaultDispatcher-worker-9] I/Engine: Outputs: {stems=NodeInfo(name=stems,info=TensorInfo(javaType=FLOAT,onnxType=ONNX_TENSOR_ELEMENT_DATA_TYPE_FLOAT,shape=[1, 4, 2, 343980]))}
13:00:47.622 [DefaultDispatcher-worker-9] I/Engine: [INIT_DONE]
13:00:47.629 [DefaultDispatcher-worker-9] I/StemSvc: [INIT_DONE] model loaded
13:00:50.342 [DefaultDispatcher-worker-7] I/StemSvc: [WAKELOCK_ACQUIRE]
13:00:50.355 [DefaultDispatcher-worker-7] I/StemCache: hasCached key=d112a04c346832b9 -> true
13:00:50.363 [DefaultDispatcher-worker-7] I/StemCache: hasCached key=d57e1861eeb6bf00 -> false
13:00:50.369 [DefaultDispatcher-worker-7] I/StemCache: hasCached key=bdba20e21b1a9b57 -> false
13:00:50.375 [DefaultDispatcher-worker-7] I/StemCache: hasCached key=d57e1861eeb6bf00 -> false
13:00:50.427 [DefaultDispatcher-worker-7] I/AudioDecoder: mime=audio/raw sr=44100Hz ch=2 duration=189390ms
13:00:54.932 [DefaultDispatcher-worker-7] I/AudioDecoder: No resampling needed (44100Hz)
13:00:54.940 [DefaultDispatcher-worker-7] I/AudioDecoder: Decoded 8352110 frames, 63 MB
13:00:54.946 [DefaultDispatcher-worker-7] I/Engine: [SEPARATE] frames=8352110 chunks=33
13:00:55.837 [DefaultDispatcher-worker-9] I/StemCache: cacheSize=250MB
13:00:58.318 [DefaultDispatcher-worker-6] I/StemCache: cacheSize=250MB
13:02:07.042 [main] I/MainActivity: [ACTIVITY_PAUSE]
13:04:02.721 [main] I/MainActivity: [ACTIVITY_RESUME]
13:04:32.827 [DefaultDispatcher-worker-7] I/Engine: [SEPARATE_DONE] output=8352110 frames
13:04:32.855 [DefaultDispatcher-worker-7] I/StemCache: [SAVE] key=d57e1861eeb6bf00
13:04:33.392 [DefaultDispatcher-worker-7] I/StemCache: Saved 4 stems total=254MB
13:04:33.396 [DefaultDispatcher-worker-7] I/StemCache: hasCached key=bdba20e21b1a9b57 -> false
13:04:33.431 [DefaultDispatcher-worker-7] I/AudioDecoder: mime=audio/raw sr=44100Hz ch=2 duration=174111ms
13:04:35.926 [DefaultDispatcher-worker-7] I/AudioDecoder: No resampling needed (44100Hz)
13:04:35.935 [DefaultDispatcher-worker-7] I/AudioDecoder: Decoded 7678320 frames, 58 MB
13:04:35.939 [DefaultDispatcher-worker-7] I/Engine: [SEPARATE] frames=7678320 chunks=30
13:04:37.245 [DefaultDispatcher-worker-1] I/StemCache: cacheSize=505MB
13:06:20.966 [DefaultDispatcher-worker-7] I/Engine: [SEPARATE_DONE] output=7678320 frames
13:06:20.994 [DefaultDispatcher-worker-7] I/StemCache: [SAVE] key=bdba20e21b1a9b57
13:06:21.612 [DefaultDispatcher-worker-7] I/StemCache: Saved 4 stems total=234MB
13:06:21.624 [DefaultDispatcher-worker-7] I/StemSvc: [WAKELOCK_RELEASE]
13:08:32.594 [main] I/MainActivity: [ACTIVITY_PAUSE]
13:08:32.601 [main] I/MainActivity: [ACTIVITY_RESUME]
13:08:36.931 [DefaultDispatcher-worker-2] I/StemCache: cacheSize=739MB
13:08:41.752 [DefaultDispatcher-worker-3] I/StemCache: cacheSize=739MB
13:08:47.857 [main] I/PlayerVM: [PLAY_SHUFFLED] count=3
13:08:47.869 [main] I/StemSvc: [SET_PLAYLIST] count=3 start=0
13:08:47.880 [main] I/StemSvc: [PLAY_AT] index=0
13:08:47.889 [main] I/StemMixer: [STOP]
13:08:47.911 [main] I/StemSvc: [WAKELOCK_RELEASE]
13:08:47.921 [main] I/StemSvc: [LOAD_SONG] 1000019167
13:08:47.935 [DefaultDispatcher-worker-1] I/StemSvc: [WAKELOCK_ACQUIRE]
13:08:47.943 [DefaultDispatcher-worker-1] I/StemCache: hasCached key=d57e1861eeb6bf00 -> true
13:08:47.952 [DefaultDispatcher-worker-1] I/StemCache: hasCached key=bdba20e21b1a9b57 -> true
13:08:47.959 [DefaultDispatcher-worker-1] I/StemCache: hasCached key=d112a04c346832b9 -> true
13:08:47.966 [DefaultDispatcher-worker-1] I/StemSvc: [WAKELOCK_RELEASE]
13:08:47.974 [main] I/StemSvc: [WAKELOCK_ACQUIRE]
13:08:47.983 [main] I/StemSvc: [DECODE_START]
13:08:48.013 [DefaultDispatcher-worker-1] I/AudioDecoder: mime=audio/raw sr=44100Hz ch=2 duration=189390ms
13:08:49.441 [main] I/StemSvc: [PLAY]
13:08:49.450 [main] I/StemSvc: [PLAY_AT] index=0
13:08:49.455 [main] I/StemMixer: [STOP]
13:08:49.463 [main] I/StemSvc: [WAKELOCK_RELEASE]
13:08:49.468 [main] I/StemSvc: [LOAD_SONG] 1000019167
13:08:49.478 [main] I/StemSvc: [WAKELOCK_ACQUIRE]
13:08:49.488 [main] I/StemSvc: [DECODE_START]
13:08:49.503 [DefaultDispatcher-worker-3] I/AudioDecoder: mime=audio/raw sr=44100Hz ch=2 duration=189390ms
13:08:51.691 [DefaultDispatcher-worker-1] I/AudioDecoder: No resampling needed (44100Hz)
13:08:51.697 [DefaultDispatcher-worker-1] I/AudioDecoder: Decoded 8352110 frames, 63 MB
13:08:51.704 [main] I/StemSvc: [WAKELOCK_RELEASE]
13:08:53.771 [DefaultDispatcher-worker-3] I/AudioDecoder: No resampling needed (44100Hz)
13:08:53.781 [DefaultDispatcher-worker-3] I/AudioDecoder: Decoded 8352110 frames, 63 MB
13:08:53.790 [DefaultDispatcher-worker-3] I/StemSvc: Decoded 8352110 frames in 4298ms (63 MB)
13:08:53.798 [main] I/StemSvc: [CHECK_CACHE]
13:08:53.806 [DefaultDispatcher-worker-3] I/StemCache: hasCached key=d57e1861eeb6bf00 -> true
13:08:53.812 [DefaultDispatcher-worker-3] I/StemCache: [LOAD_OK] key=d57e1861eeb6bf00 frames=8352110
13:08:53.816 [main] I/StemSvc: [CACHE_HIT]
13:08:53.824 [main] I/StemMixer: [PLAY] startFrame=0 total=8352110
13:08:53.828 [main] I/StemMixer: [STOP]
13:08:53.910 [main] E/PlayerVM: Position update failed
13:08:53.915 [main] E/PlayerVM:   P2.q0: I0 was cancelled
13:08:58.513 [main] I/PlayerVM: [PLAY_NEXT]
13:08:58.525 [main] I/StemSvc: [PLAY_NEXT] index=1
13:08:58.533 [main] I/StemSvc: [PLAY_AT] index=1
13:08:58.540 [main] I/StemMixer: [STOP]
13:08:58.555 [main] I/StemSvc: [WAKELOCK_RELEASE]
13:08:58.568 [main] I/StemSvc: [LOAD_SONG] 1000019154
13:08:58.594 [main] I/StemSvc: [WAKELOCK_ACQUIRE]
13:08:58.605 [main] I/StemSvc: [DECODE_START]
13:08:58.642 [DefaultDispatcher-worker-1] I/AudioDecoder: mime=audio/raw sr=44100Hz ch=2 duration=174111ms
13:09:01.703 [DefaultDispatcher-worker-1] I/AudioDecoder: No resampling needed (44100Hz)
13:09:01.708 [DefaultDispatcher-worker-1] I/AudioDecoder: Decoded 7678320 frames, 58 MB
13:09:01.712 [DefaultDispatcher-worker-1] I/StemSvc: Decoded 7678320 frames in 3100ms (58 MB)
13:09:01.715 [main] I/StemSvc: [CHECK_CACHE]
13:09:01.724 [DefaultDispatcher-worker-1] I/StemCache: hasCached key=bdba20e21b1a9b57 -> true
13:09:01.729 [DefaultDispatcher-worker-1] I/StemCache: [LOAD_OK] key=bdba20e21b1a9b57 frames=7678320
13:09:01.733 [main] I/StemSvc: [CACHE_HIT]
13:09:01.741 [main] I/StemMixer: [PLAY] startFrame=0 total=7678320
13:09:01.746 [main] I/StemMixer: [STOP]
13:09:01.762 [main] E/PlayerVM: Position update failed
13:09:01.766 [main] E/PlayerVM:   P2.q0: I0 was cancelled
13:09:04.400 [main] I/PlayerVM: [PLAY_NEXT]
13:09:04.412 [main] I/StemSvc: [PLAY_NEXT] index=2
13:09:04.420 [main] I/StemSvc: [PLAY_AT] index=2
13:09:04.431 [main] I/StemMixer: [STOP]
13:09:04.449 [main] I/StemSvc: [WAKELOCK_RELEASE]
13:09:04.460 [main] I/StemSvc: [LOAD_SONG] 1000019150
13:09:04.483 [main] I/StemSvc: [WAKELOCK_ACQUIRE]
13:09:04.491 [main] I/StemSvc: [DECODE_START]
13:09:04.522 [DefaultDispatcher-worker-3] I/AudioDecoder: mime=audio/raw sr=44100Hz ch=2 duration=186146ms
13:09:07.764 [DefaultDispatcher-worker-3] I/AudioDecoder: No resampling needed (44100Hz)
13:09:07.771 [DefaultDispatcher-worker-3] I/AudioDecoder: Decoded 8209068 frames, 62 MB
13:09:07.776 [DefaultDispatcher-worker-3] I/StemSvc: Decoded 8209068 frames in 3281ms (62 MB)
13:09:07.781 [main] I/StemSvc: [CHECK_CACHE]
13:09:07.787 [DefaultDispatcher-worker-3] I/StemCache: hasCached key=d112a04c346832b9 -> true
13:09:07.793 [DefaultDispatcher-worker-3] I/StemCache: [LOAD_OK] key=d112a04c346832b9 frames=8209068
13:09:07.796 [main] I/StemSvc: [CACHE_HIT]
13:09:07.805 [main] I/StemMixer: [PLAY] startFrame=0 total=8209068
13:09:07.809 [main] I/StemMixer: [STOP]
13:09:07.820 [main] E/PlayerVM: Position update failed
13:09:07.825 [main] E/PlayerVM:   P2.q0: I0 was cancelled
13:09:10.479 [main] I/StemSvc: [PAUSE]
13:09:10.494 [main] I/StemMixer: [PAUSE]
13:09:10.509 [main] I/StemSvc: [WAKELOCK_RELEASE]
13:09:12.580 [main] I/MainActivity: [ACTIVITY_PAUSE]
